// Jest Snapshot v1, https://goo.gl/fbAQLP

exports[`renders CreateEditStage Create component 1`] = `
<div
  class="MuiDialog-root MuiModal-root css-zw3mfo-MuiModal-root-MuiDialog-root"
  data-testid="dialog"
  role="presentation"
>
  <div
    aria-hidden="true"
    class="MuiBackdrop-root MuiModal-backdrop css-yiavyu-MuiBackdrop-root-MuiDialog-backdrop"
    style="opacity: 1; webkit-transition: opacity 225ms cubic-bezier(0.4, 0, 0.2, 1) 0ms; transition: opacity 225ms cubic-bezier(0.4, 0, 0.2, 1) 0ms;"
  />
  <div
    data-testid="sentinelStart"
    tabindex="0"
  />
  <div
    class="MuiDialog-container MuiDialog-scrollPaper css-hz1bth-MuiDialog-container"
    role="presentation"
    style="opacity: 1; webkit-transition: opacity 225ms cubic-bezier(0.4, 0, 0.2, 1) 0ms; transition: opacity 225ms cubic-bezier(0.4, 0, 0.2, 1) 0ms;"
    tabindex="-1"
  >
    <div
      aria-labelledby="mui-1"
      class="MuiPaper-root MuiPaper-elevation MuiPaper-rounded MuiPaper-elevation24 MuiDialog-paper MuiDialog-paperScrollPaper MuiDialog-paperWidthMd MuiDialog-paperFullWidth css-1ntld2w-MuiPaper-root-MuiDialog-paper"
      role="dialog"
    >
      <h2
        class="MuiTypography-root MuiTypography-h6 MuiDialogTitle-root css-8yphvn-MuiTypography-root-MuiDialogTitle-root"
        id="mui-1"
      >
        <div
          class="MuiGrid-root MuiGrid-container MuiGrid-spacing-xs-1 css-1bz7zgk-MuiGrid-root"
        >
          <div
            class="MuiGrid-root MuiGrid-item css-13i4rnv-MuiGrid-root"
          >
            <div
              class="MuiGrid-root MuiGrid-container MuiGrid-spacing-xs-1 css-7ldjcq-MuiGrid-root"
            >
              <div
                class="MuiGrid-root MuiGrid-item css-13i4rnv-MuiGrid-root"
              >
                <h5
                  class="MuiTypography-root MuiTypography-h5 css-xqgeko-MuiTypography-root"
                >
                  Create stage for "test-cdpipeline-name"
                   
                  <a
                    class="MuiTypography-root MuiTypography-inherit MuiLink-root MuiLink-underlineAlways css-9d13eh-MuiTypography-root-MuiLink-root"
                    href="https://epam.github.io/edp-install/user-guide/add-cd-pipeline/#add-stage"
                    target="_blank"
                  >
                    <span
                      class="MuiTypography-root MuiTypography-body2 css-ab4e19-MuiTypography-root"
                    >
                      Learn more.
                    </span>
                  </a>
                </h5>
              </div>
            </div>
          </div>
          <div
            class="MuiGrid-root MuiGrid-item css-13i4rnv-MuiGrid-root"
          >
            <button
              class="MuiButtonBase-root MuiButton-root MuiButton-text MuiButton-textPrimary MuiButton-sizeSmall MuiButton-textSizeSmall MuiButton-colorPrimary MuiButton-root MuiButton-text MuiButton-textPrimary MuiButton-sizeSmall MuiButton-textSizeSmall MuiButton-colorPrimary css-1llbb2a-MuiButtonBase-root-MuiButton-root"
              style="flex-shrink: 0;"
              tabindex="0"
              type="button"
            >
              <span
                class="MuiButton-icon MuiButton-startIcon MuiButton-iconSizeSmall css-y6rp3m-MuiButton-startIcon"
              >
                <span />
              </span>
              Edit YAML
              <span
                class="MuiTouchRipple-root css-8je8zh-MuiTouchRipple-root"
              />
            </button>
          </div>
        </div>
      </h2>
      <div
        class="MuiDialogContent-root css-ypiqx9-MuiDialogContent-root"
      >
        <div
          class="MuiGrid-root MuiGrid-container MuiGrid-spacing-xs-2 css-mhc70k-MuiGrid-root"
        >
          <div
            class="MuiGrid-root MuiGrid-item MuiGrid-grid-xs-12 css-1idn90j-MuiGrid-root"
          >
            <div
              class="MuiStack-root css-jfdv4h-MuiStack-root"
            >
              <div
                class="MuiFormControl-root MuiFormControl-fullWidth css-q8hpuo-MuiFormControl-root"
              >
                <label
                  class="MuiFormLabel-root MuiInputLabel-root MuiInputLabel-formControl MuiInputLabel-animated MuiInputLabel-shrink MuiInputLabel-sizeMedium MuiInputLabel-outlined MuiFormLabel-colorPrimary MuiFormLabel-filled MuiInputLabel-root MuiInputLabel-formControl MuiInputLabel-animated MuiInputLabel-shrink MuiInputLabel-sizeMedium MuiInputLabel-outlined css-98a9yt-MuiFormLabel-root-MuiInputLabel-root"
                  data-shrink="true"
                >
                  Cluster
                </label>
                <div
                  class="MuiInputBase-root MuiOutlinedInput-root MuiInputBase-colorPrimary MuiInputBase-fullWidth MuiInputBase-formControl MuiInputBase-adornedEnd  css-p2czvz-MuiInputBase-root-MuiOutlinedInput-root-MuiSelect-root"
                >
                  <div
                    aria-controls="mui-2"
                    aria-expanded="false"
                    aria-haspopup="listbox"
                    aria-labelledby="mui-component-select-cluster"
                    class="MuiSelect-select MuiSelect-outlined MuiInputBase-input MuiOutlinedInput-input MuiInputBase-inputAdornedEnd css-14oa7yt-MuiSelect-select-MuiInputBase-input-MuiOutlinedInput-input"
                    id="mui-component-select-cluster"
                    role="combobox"
                    tabindex="0"
                  >
                    in-cluster
                  </div>
                  <input
                    aria-hidden="true"
                    aria-invalid="false"
                    class="MuiSelect-nativeInput css-yf8vq0-MuiSelect-nativeInput"
                    name="cluster"
                    tabindex="-1"
                    value="in-cluster"
                  />
                  <svg
                    aria-hidden="true"
                    class="MuiSvgIcon-root MuiSvgIcon-fontSizeMedium MuiSelect-icon MuiSelect-iconOutlined css-hfutr2-MuiSvgIcon-root-MuiSelect-icon"
                    data-testid="ArrowDropDownIcon"
                    focusable="false"
                    viewBox="0 0 24 24"
                  >
                    <path
                      d="M7 10l5 5 5-5z"
                    />
                  </svg>
                  <div
                    class="MuiBox-root css-3avfg1"
                  >
                    <span />
                  </div>
                  <fieldset
                    aria-hidden="true"
                    class="MuiOutlinedInput-notchedOutline css-1d3z3hw-MuiOutlinedInput-notchedOutline"
                  >
                    <legend
                      class="css-ihdtdm"
                    >
                      <span
                        class="notranslate"
                      >
                        â€‹
                      </span>
                    </legend>
                  </fieldset>
                </div>
              </div>
            </div>
          </div>
          <div
            class="MuiGrid-root MuiGrid-item MuiGrid-grid-xs-6 css-1osj8n2-MuiGrid-root"
          >
            <div
              class="MuiStack-root css-jfdv4h-MuiStack-root"
            >
              <div
                class="MuiFormControl-root MuiFormControl-fullWidth css-q8hpuo-MuiFormControl-root"
              >
                <div
                  class="MuiFormControl-root MuiTextField-root css-1u3bzj6-MuiFormControl-root-MuiTextField-root"
                >
                  <label
                    class="MuiFormLabel-root MuiInputLabel-root MuiInputLabel-formControl MuiInputLabel-animated MuiInputLabel-sizeMedium MuiInputLabel-outlined MuiFormLabel-colorPrimary MuiInputLabel-root MuiInputLabel-formControl MuiInputLabel-animated MuiInputLabel-sizeMedium MuiInputLabel-outlined css-8dtgre-MuiFormLabel-root-MuiInputLabel-root"
                    data-shrink="false"
                    for="mui-5"
                    id="mui-5-label"
                  >
                    Stage name
                  </label>
                  <div
                    class="MuiInputBase-root MuiOutlinedInput-root MuiInputBase-colorPrimary MuiInputBase-formControl MuiInputBase-adornedEnd css-1wqgp0s-MuiInputBase-root-MuiOutlinedInput-root"
                  >
                    <input
                      aria-invalid="false"
                      class="MuiInputBase-input MuiOutlinedInput-input MuiInputBase-inputAdornedEnd css-nxo287-MuiInputBase-input-MuiOutlinedInput-input"
                      id="mui-5"
                      name="name"
                      placeholder="Enter stage name"
                      type="text"
                      value=""
                    />
                    <span />
                    <fieldset
                      aria-hidden="true"
                      class="MuiOutlinedInput-notchedOutline css-1d3z3hw-MuiOutlinedInput-notchedOutline"
                    >
                      <legend
                        class="css-yjsfm1"
                      >
                        <span>
                          Stage name
                        </span>
                      </legend>
                    </fieldset>
                  </div>
                </div>
              </div>
            </div>
          </div>
          <div
            class="MuiGrid-root MuiGrid-item MuiGrid-grid-xs-6 css-1osj8n2-MuiGrid-root"
          >
            <div
              class="MuiStack-root css-jfdv4h-MuiStack-root"
            >
              <div
                class="MuiFormControl-root MuiFormControl-fullWidth css-q8hpuo-MuiFormControl-root"
              >
                <div
                  class="MuiFormControl-root MuiTextField-root css-1u3bzj6-MuiFormControl-root-MuiTextField-root"
                >
                  <label
                    class="MuiFormLabel-root MuiInputLabel-root MuiInputLabel-formControl MuiInputLabel-animated MuiInputLabel-shrink MuiInputLabel-sizeMedium MuiInputLabel-outlined MuiFormLabel-colorPrimary Mui-disabled MuiFormLabel-filled MuiInputLabel-root MuiInputLabel-formControl MuiInputLabel-animated MuiInputLabel-shrink MuiInputLabel-sizeMedium MuiInputLabel-outlined css-98a9yt-MuiFormLabel-root-MuiInputLabel-root"
                    data-shrink="true"
                    for="mui-7"
                    id="mui-7-label"
                  >
                    Namespace
                  </label>
                  <div
                    class="MuiInputBase-root MuiOutlinedInput-root MuiInputBase-colorPrimary Mui-disabled MuiInputBase-formControl MuiInputBase-adornedEnd css-1wqgp0s-MuiInputBase-root-MuiOutlinedInput-root"
                  >
                    <input
                      aria-invalid="false"
                      class="MuiInputBase-input MuiOutlinedInput-input Mui-disabled MuiInputBase-inputAdornedEnd css-nxo287-MuiInputBase-input-MuiOutlinedInput-input"
                      disabled=""
                      id="mui-7"
                      name="deployNamespace"
                      placeholder="Enter namespace to deploy to"
                      type="text"
                      value="default-test-cdpipeline-name"
                    />
                    <div
                      class="MuiStack-root css-niqf4j-MuiStack-root"
                    >
                      <div
                        class="MuiInputAdornment-root MuiInputAdornment-positionEnd MuiInputAdornment-outlined MuiInputAdornment-sizeMedium css-1laqsz7-MuiInputAdornment-root"
                      >
                        <span />
                      </div>
                      <div
                        class="MuiInputAdornment-root MuiInputAdornment-positionEnd MuiInputAdornment-outlined MuiInputAdornment-sizeMedium css-1laqsz7-MuiInputAdornment-root"
                      >
                        <button
                          class="MuiButtonBase-root MuiIconButton-root MuiIconButton-sizeSmall css-1pe4mpk-MuiButtonBase-root-MuiIconButton-root"
                          tabindex="0"
                          type="button"
                        >
                          <span />
                          <span
                            class="MuiTouchRipple-root css-8je8zh-MuiTouchRipple-root"
                          />
                        </button>
                      </div>
                    </div>
                    <fieldset
                      aria-hidden="true"
                      class="MuiOutlinedInput-notchedOutline css-1d3z3hw-MuiOutlinedInput-notchedOutline"
                    >
                      <legend
                        class="css-14lo706"
                      >
                        <span>
                          Namespace
                        </span>
                      </legend>
                    </fieldset>
                  </div>
                </div>
              </div>
            </div>
          </div>
          <div
            class="MuiGrid-root MuiGrid-item MuiGrid-grid-xs-6 css-1osj8n2-MuiGrid-root"
          >
            <div
              class="MuiStack-root css-jfdv4h-MuiStack-root"
            >
              <div
                class="MuiFormControl-root MuiFormControl-fullWidth css-q8hpuo-MuiFormControl-root"
              >
                <div
                  class="MuiFormControl-root MuiTextField-root css-1u3bzj6-MuiFormControl-root-MuiTextField-root"
                >
                  <label
                    class="MuiFormLabel-root MuiInputLabel-root MuiInputLabel-formControl MuiInputLabel-animated MuiInputLabel-sizeMedium MuiInputLabel-outlined MuiFormLabel-colorPrimary MuiInputLabel-root MuiInputLabel-formControl MuiInputLabel-animated MuiInputLabel-sizeMedium MuiInputLabel-outlined css-8dtgre-MuiFormLabel-root-MuiInputLabel-root"
                    data-shrink="false"
                    for="mui-9"
                    id="mui-9-label"
                  >
                    Description
                  </label>
                  <div
                    class="MuiInputBase-root MuiOutlinedInput-root MuiInputBase-colorPrimary MuiInputBase-formControl MuiInputBase-adornedEnd css-1wqgp0s-MuiInputBase-root-MuiOutlinedInput-root"
                  >
                    <input
                      aria-invalid="false"
                      class="MuiInputBase-input MuiOutlinedInput-input MuiInputBase-inputAdornedEnd css-nxo287-MuiInputBase-input-MuiOutlinedInput-input"
                      id="mui-9"
                      name="description"
                      placeholder="Enter stage description"
                      type="text"
                      value=""
                    />
                    <span />
                    <fieldset
                      aria-hidden="true"
                      class="MuiOutlinedInput-notchedOutline css-1d3z3hw-MuiOutlinedInput-notchedOutline"
                    >
                      <legend
                        class="css-yjsfm1"
                      >
                        <span>
                          Description
                        </span>
                      </legend>
                    </fieldset>
                  </div>
                </div>
              </div>
            </div>
          </div>
          <div
            class="MuiGrid-root MuiGrid-item MuiGrid-grid-xs-6 css-1osj8n2-MuiGrid-root"
          >
            <div
              class="MuiStack-root css-jfdv4h-MuiStack-root"
            >
              <div
                class="MuiFormControl-root MuiFormControl-fullWidth css-q8hpuo-MuiFormControl-root"
              >
                <label
                  class="MuiFormLabel-root MuiInputLabel-root MuiInputLabel-formControl MuiInputLabel-animated MuiInputLabel-shrink MuiInputLabel-sizeMedium MuiInputLabel-outlined MuiFormLabel-colorPrimary MuiFormLabel-filled MuiInputLabel-root MuiInputLabel-formControl MuiInputLabel-animated MuiInputLabel-shrink MuiInputLabel-sizeMedium MuiInputLabel-outlined css-98a9yt-MuiFormLabel-root-MuiInputLabel-root"
                  data-shrink="true"
                >
                  Trigger type
                </label>
                <div
                  class="MuiInputBase-root MuiOutlinedInput-root MuiInputBase-colorPrimary MuiInputBase-fullWidth MuiInputBase-formControl MuiInputBase-adornedEnd  css-p2czvz-MuiInputBase-root-MuiOutlinedInput-root-MuiSelect-root"
                >
                  <div
                    aria-controls="mui-10"
                    aria-expanded="false"
                    aria-haspopup="listbox"
                    aria-labelledby="mui-component-select-triggerType"
                    class="MuiSelect-select MuiSelect-outlined MuiInputBase-input MuiOutlinedInput-input MuiInputBase-inputAdornedEnd css-14oa7yt-MuiSelect-select-MuiInputBase-input-MuiOutlinedInput-input"
                    id="mui-component-select-triggerType"
                    role="combobox"
                    tabindex="0"
                  >
                    Manual
                  </div>
                  <input
                    aria-hidden="true"
                    aria-invalid="false"
                    class="MuiSelect-nativeInput css-yf8vq0-MuiSelect-nativeInput"
                    name="triggerType"
                    tabindex="-1"
                    value="Manual"
                  />
                  <svg
                    aria-hidden="true"
                    class="MuiSvgIcon-root MuiSvgIcon-fontSizeMedium MuiSelect-icon MuiSelect-iconOutlined css-hfutr2-MuiSvgIcon-root-MuiSelect-icon"
                    data-testid="ArrowDropDownIcon"
                    focusable="false"
                    viewBox="0 0 24 24"
                  >
                    <path
                      d="M7 10l5 5 5-5z"
                    />
                  </svg>
                  <div
                    class="MuiBox-root css-3avfg1"
                  >
                    <span />
                  </div>
                  <fieldset
                    aria-hidden="true"
                    class="MuiOutlinedInput-notchedOutline css-1d3z3hw-MuiOutlinedInput-notchedOutline"
                  >
                    <legend
                      class="css-ihdtdm"
                    >
                      <span
                        class="notranslate"
                      >
                        â€‹
                      </span>
                    </legend>
                  </fieldset>
                </div>
              </div>
            </div>
          </div>
          <div
            class="MuiGrid-root MuiGrid-item MuiGrid-grid-xs-6 css-1osj8n2-MuiGrid-root"
          >
            <div
              class="MuiStack-root css-jfdv4h-MuiStack-root"
            >
              <div
                class="MuiFormControl-root MuiFormControl-fullWidth css-q8hpuo-MuiFormControl-root"
              >
                <label
                  class="MuiFormLabel-root MuiInputLabel-root MuiInputLabel-formControl MuiInputLabel-animated MuiInputLabel-sizeMedium MuiInputLabel-outlined MuiFormLabel-colorPrimary MuiInputLabel-root MuiInputLabel-formControl MuiInputLabel-animated MuiInputLabel-sizeMedium MuiInputLabel-outlined css-8dtgre-MuiFormLabel-root-MuiInputLabel-root"
                  data-shrink="false"
                >
                  Pipeline template
                </label>
                <div
                  class="MuiInputBase-root MuiOutlinedInput-root MuiInputBase-colorPrimary MuiInputBase-fullWidth MuiInputBase-formControl MuiInputBase-adornedEnd makeStyles-selectWithDefaultValue-1 css-p2czvz-MuiInputBase-root-MuiOutlinedInput-root-MuiSelect-root"
                >
                  <div
                    aria-controls="mui-12"
                    aria-expanded="false"
                    aria-haspopup="listbox"
                    aria-labelledby="mui-component-select-triggerTemplate"
                    class="MuiSelect-select MuiSelect-outlined MuiInputBase-input MuiOutlinedInput-input MuiInputBase-inputAdornedEnd css-14oa7yt-MuiSelect-select-MuiInputBase-input-MuiOutlinedInput-input"
                    id="mui-component-select-triggerTemplate"
                    role="combobox"
                    tabindex="0"
                  >
                    Pipeline template
                  </div>
                  <input
                    aria-hidden="true"
                    aria-invalid="false"
                    class="MuiSelect-nativeInput css-yf8vq0-MuiSelect-nativeInput"
                    name="triggerTemplate"
                    tabindex="-1"
                    value=""
                  />
                  <svg
                    aria-hidden="true"
                    class="MuiSvgIcon-root MuiSvgIcon-fontSizeMedium MuiSelect-icon MuiSelect-iconOutlined css-hfutr2-MuiSvgIcon-root-MuiSelect-icon"
                    data-testid="ArrowDropDownIcon"
                    focusable="false"
                    viewBox="0 0 24 24"
                  >
                    <path
                      d="M7 10l5 5 5-5z"
                    />
                  </svg>
                  <div
                    class="MuiBox-root css-3avfg1"
                  >
                    <span />
                  </div>
                  <fieldset
                    aria-hidden="true"
                    class="MuiOutlinedInput-notchedOutline css-1d3z3hw-MuiOutlinedInput-notchedOutline"
                  >
                    <legend
                      class="css-ihdtdm"
                    >
                      <span
                        class="notranslate"
                      >
                        â€‹
                      </span>
                    </legend>
                  </fieldset>
                </div>
              </div>
            </div>
          </div>
          <div
            class="MuiGrid-root MuiGrid-item MuiGrid-grid-xs-12 css-1idn90j-MuiGrid-root"
          >
            <hr
              class="MuiDivider-root MuiDivider-fullWidth css-9mgopn-MuiDivider-root"
              style="margin: 1.25rem auto; width: 100%;"
            />
          </div>
          <div
            class="MuiGrid-root MuiGrid-item MuiGrid-grid-xs-12 css-1idn90j-MuiGrid-root"
          >
            <div
              class="MuiGrid-root MuiGrid-container MuiGrid-spacing-xs-2 css-mhc70k-MuiGrid-root"
            >
              <div
                class="MuiGrid-root MuiGrid-item MuiGrid-grid-xs-12 css-1idn90j-MuiGrid-root"
              >
                <div
                  class="MuiGrid-root MuiGrid-container MuiGrid-spacing-xs-1 MuiGrid-wrap-xs-nowrap css-1jxkhgz-MuiGrid-root"
                >
                  <div
                    class="MuiGrid-root MuiGrid-item css-13i4rnv-MuiGrid-root"
                  >
                    <h6
                      class="MuiTypography-root MuiTypography-h6 css-k6p83p-MuiTypography-root"
                    >
                      Quality gates
                    </h6>
                  </div>
                  <div
                    class="MuiGrid-root MuiGrid-item css-13i4rnv-MuiGrid-root"
                  >
                    <span />
                  </div>
                </div>
              </div>
              <div
                class="MuiGrid-root MuiGrid-item MuiGrid-grid-xs-12 css-1idn90j-MuiGrid-root"
              >
                <div
                  class="MuiGrid-root MuiGrid-container MuiGrid-spacing-xs-2 css-mhc70k-MuiGrid-root"
                >
                  <div
                    class="MuiGrid-root MuiGrid-item MuiGrid-grid-xs-12 css-1idn90j-MuiGrid-root"
                  >
                    <div
                      class="MuiGrid-root MuiGrid-container MuiGrid-spacing-xs-2 css-jhdc2n-MuiGrid-root"
                    >
                      <div
                        class="MuiGrid-root MuiGrid-item MuiGrid-grid-xs-11 css-ykovpn-MuiGrid-root"
                      >
                        <div
                          class="MuiGrid-root MuiGrid-container css-11lq3yg-MuiGrid-root"
                        >
                          <div
                            class="MuiGrid-root MuiGrid-item MuiGrid-grid-xs-12 css-1idn90j-MuiGrid-root"
                          >
                            <div
                              class="MuiGrid-root MuiGrid-container MuiGrid-spacing-xs-1 css-a5rdam-MuiGrid-root"
                            >
                              <div
                                class="MuiGrid-root MuiGrid-item MuiGrid-grid-xs-3 css-1equabv-MuiGrid-root"
                              >
                                <div
                                  class="MuiStack-root css-jfdv4h-MuiStack-root"
                                >
                                  <div
                                    class="MuiFormControl-root MuiFormControl-fullWidth css-q8hpuo-MuiFormControl-root"
                                  >
                                    <label
                                      class="MuiFormLabel-root MuiInputLabel-root MuiInputLabel-formControl MuiInputLabel-animated MuiInputLabel-shrink MuiInputLabel-sizeMedium MuiInputLabel-outlined MuiFormLabel-colorPrimary MuiFormLabel-filled MuiInputLabel-root MuiInputLabel-formControl MuiInputLabel-animated MuiInputLabel-shrink MuiInputLabel-sizeMedium MuiInputLabel-outlined css-98a9yt-MuiFormLabel-root-MuiInputLabel-root"
                                      data-shrink="true"
                                    >
                                      Quality gate type
                                    </label>
                                    <div
                                      class="MuiInputBase-root MuiOutlinedInput-root MuiInputBase-colorPrimary MuiInputBase-fullWidth MuiInputBase-formControl MuiInputBase-adornedEnd  css-p2czvz-MuiInputBase-root-MuiOutlinedInput-root-MuiSelect-root"
                                    >
                                      <div
                                        aria-controls="mui-15"
                                        aria-expanded="false"
                                        aria-haspopup="listbox"
                                        aria-labelledby="mui-component-select-quality-gate-type-123456789"
                                        class="MuiSelect-select MuiSelect-outlined MuiInputBase-input MuiOutlinedInput-input MuiInputBase-inputAdornedEnd css-14oa7yt-MuiSelect-select-MuiInputBase-input-MuiOutlinedInput-input"
                                        id="mui-component-select-quality-gate-type-123456789"
                                        role="combobox"
                                        tabindex="0"
                                      >
                                        Manual
                                      </div>
                                      <input
                                        aria-hidden="true"
                                        aria-invalid="false"
                                        class="MuiSelect-nativeInput css-yf8vq0-MuiSelect-nativeInput"
                                        name="quality-gate-type-123456789"
                                        tabindex="-1"
                                        value="manual"
                                      />
                                      <svg
                                        aria-hidden="true"
                                        class="MuiSvgIcon-root MuiSvgIcon-fontSizeMedium MuiSelect-icon MuiSelect-iconOutlined css-hfutr2-MuiSvgIcon-root-MuiSelect-icon"
                                        data-testid="ArrowDropDownIcon"
                                        focusable="false"
                                        viewBox="0 0 24 24"
                                      >
                                        <path
                                          d="M7 10l5 5 5-5z"
                                        />
                                      </svg>
                                      <div
                                        class="MuiBox-root css-3avfg1"
                                      >
                                        <span />
                                      </div>
                                      <fieldset
                                        aria-hidden="true"
                                        class="MuiOutlinedInput-notchedOutline css-1d3z3hw-MuiOutlinedInput-notchedOutline"
                                      >
                                        <legend
                                          class="css-ihdtdm"
                                        >
                                          <span
                                            class="notranslate"
                                          >
                                            â€‹
                                          </span>
                                        </legend>
                                      </fieldset>
                                    </div>
                                  </div>
                                </div>
                              </div>
                              <div
                                class="MuiGrid-root MuiGrid-item MuiGrid-grid-xs-3 css-1equabv-MuiGrid-root"
                              >
                                <div
                                  class="MuiStack-root css-jfdv4h-MuiStack-root"
                                >
                                  <div
                                    class="MuiFormControl-root MuiFormControl-fullWidth css-q8hpuo-MuiFormControl-root"
                                  >
                                    <div
                                      class="MuiFormControl-root MuiTextField-root css-1u3bzj6-MuiFormControl-root-MuiTextField-root"
                                    >
                                      <label
                                        class="MuiFormLabel-root MuiInputLabel-root MuiInputLabel-formControl MuiInputLabel-animated MuiInputLabel-sizeMedium MuiInputLabel-outlined MuiFormLabel-colorPrimary MuiInputLabel-root MuiInputLabel-formControl MuiInputLabel-animated MuiInputLabel-sizeMedium MuiInputLabel-outlined css-8dtgre-MuiFormLabel-root-MuiInputLabel-root"
                                        data-shrink="false"
                                        for="mui-18"
                                        id="mui-18-label"
                                      >
                                        Step name
                                      </label>
                                      <div
                                        class="MuiInputBase-root MuiOutlinedInput-root MuiInputBase-colorPrimary MuiInputBase-formControl MuiInputBase-adornedEnd css-1wqgp0s-MuiInputBase-root-MuiOutlinedInput-root"
                                      >
                                        <input
                                          aria-invalid="false"
                                          class="MuiInputBase-input MuiOutlinedInput-input MuiInputBase-inputAdornedEnd css-nxo287-MuiInputBase-input-MuiOutlinedInput-input"
                                          id="mui-18"
                                          name="quality-gate-step-name-123456789"
                                          placeholder="Enter step name"
                                          type="text"
                                          value=""
                                        />
                                        <span />
                                        <fieldset
                                          aria-hidden="true"
                                          class="MuiOutlinedInput-notchedOutline css-1d3z3hw-MuiOutlinedInput-notchedOutline"
                                        >
                                          <legend
                                            class="css-yjsfm1"
                                          >
                                            <span>
                                              Step name
                                            </span>
                                          </legend>
                                        </fieldset>
                                      </div>
                                    </div>
                                  </div>
                                </div>
                              </div>
                            </div>
                          </div>
                        </div>
                      </div>
                      <div
                        class="MuiGrid-root MuiGrid-item MuiGrid-grid-xs-1 css-u78q51-MuiGrid-root"
                      >
                        <button
                          class="MuiButtonBase-root MuiButton-root MuiButton-text MuiButton-textPrimary MuiButton-sizeSmall MuiButton-textSizeSmall MuiButton-colorPrimary MuiButton-root MuiButton-text MuiButton-textPrimary MuiButton-sizeSmall MuiButton-textSizeSmall MuiButton-colorPrimary css-1llbb2a-MuiButtonBase-root-MuiButton-root"
                          style="min-width: 0;"
                          tabindex="0"
                          type="button"
                        >
                          <span />
                          <span
                            class="MuiTouchRipple-root css-8je8zh-MuiTouchRipple-root"
                          />
                        </button>
                      </div>
                    </div>
                  </div>
                </div>
              </div>
              <div
                class="MuiGrid-root MuiGrid-item MuiGrid-grid-xs-12 css-1idn90j-MuiGrid-root"
              >
                <button
                  class="MuiButtonBase-root MuiButton-root MuiButton-contained MuiButton-containedPrimary MuiButton-sizeSmall MuiButton-containedSizeSmall MuiButton-colorPrimary MuiButton-root MuiButton-contained MuiButton-containedPrimary MuiButton-sizeSmall MuiButton-containedSizeSmall MuiButton-colorPrimary css-vw8gqz-MuiButtonBase-root-MuiButton-root"
                  style="min-width: 0;"
                  tabindex="0"
                  type="button"
                >
                  add
                  <span
                    class="MuiTouchRipple-root css-8je8zh-MuiTouchRipple-root"
                  />
                </button>
              </div>
            </div>
          </div>
        </div>
      </div>
      <div
        class="MuiDialogActions-root MuiDialogActions-spacing css-knqc4i-MuiDialogActions-root"
      >
        <button
          class="MuiButtonBase-root MuiButton-root MuiButton-text MuiButton-textPrimary MuiButton-sizeSmall MuiButton-textSizeSmall MuiButton-colorPrimary Mui-disabled MuiButton-root MuiButton-text MuiButton-textPrimary MuiButton-sizeSmall MuiButton-textSizeSmall MuiButton-colorPrimary css-1llbb2a-MuiButtonBase-root-MuiButton-root"
          disabled=""
          tabindex="-1"
          type="button"
        >
          undo changes
        </button>
        <button
          class="MuiButtonBase-root MuiButton-root MuiButton-text MuiButton-textPrimary MuiButton-sizeSmall MuiButton-textSizeSmall MuiButton-colorPrimary MuiButton-root MuiButton-text MuiButton-textPrimary MuiButton-sizeSmall MuiButton-textSizeSmall MuiButton-colorPrimary css-1llbb2a-MuiButtonBase-root-MuiButton-root"
          style="margin-left: auto;"
          tabindex="0"
          type="button"
        >
          cancel
          <span
            class="MuiTouchRipple-root css-8je8zh-MuiTouchRipple-root"
          />
        </button>
        <button
          class="MuiButtonBase-root MuiButton-root MuiButton-contained MuiButton-containedPrimary MuiButton-sizeSmall MuiButton-containedSizeSmall MuiButton-colorPrimary Mui-disabled MuiButton-root MuiButton-contained MuiButton-containedPrimary MuiButton-sizeSmall MuiButton-containedSizeSmall MuiButton-colorPrimary css-vw8gqz-MuiButtonBase-root-MuiButton-root"
          disabled=""
          tabindex="-1"
          type="button"
        >
          apply
        </button>
      </div>
    </div>
  </div>
  <div
    data-testid="sentinelEnd"
    tabindex="0"
  />
</div>
`;
