// Jest Snapshot v1, https://goo.gl/fbAQLP

exports[`renders CreateEditCodebase Edit component 1`] = `
<div
  class="MuiDialog-root MuiModal-root css-zw3mfo-MuiModal-root-MuiDialog-root"
  data-testid="dialog"
  role="presentation"
>
  <div
    aria-hidden="true"
    class="MuiBackdrop-root MuiModal-backdrop css-yiavyu-MuiBackdrop-root-MuiDialog-backdrop"
    style="opacity: 1; webkit-transition: opacity 225ms cubic-bezier(0.4, 0, 0.2, 1) 0ms; transition: opacity 225ms cubic-bezier(0.4, 0, 0.2, 1) 0ms;"
  />
  <div
    data-testid="sentinelStart"
    tabindex="0"
  />
  <div
    class="MuiDialog-container MuiDialog-scrollPaper css-hz1bth-MuiDialog-container"
    role="presentation"
    style="opacity: 1; webkit-transition: opacity 225ms cubic-bezier(0.4, 0, 0.2, 1) 0ms; transition: opacity 225ms cubic-bezier(0.4, 0, 0.2, 1) 0ms;"
    tabindex="-1"
  >
    <div
      aria-labelledby="mui-1"
      class="MuiPaper-root MuiPaper-elevation MuiPaper-rounded MuiPaper-elevation24 MuiDialog-paper MuiDialog-paperScrollPaper MuiDialog-paperWidthSm MuiDialog-paperFullWidth css-1wv64i4-MuiPaper-root-MuiDialog-paper"
      role="dialog"
    >
      <h2
        class="MuiTypography-root MuiTypography-h6 MuiDialogTitle-root css-8yphvn-MuiTypography-root-MuiDialogTitle-root"
        id="mui-1"
      >
        <div
          class="MuiStack-root css-1h9efsi-MuiStack-root"
        >
          <div
            class="MuiStack-root css-1sazv7p-MuiStack-root"
          >
            <p
              class="MuiTypography-root MuiTypography-body1 css-1pf3k2c-MuiTypography-root"
            >
              Edit test-codebase-name
            </p>
            <a
              class="MuiTypography-root MuiTypography-inherit MuiLink-root MuiLink-underlineAlways css-9d13eh-MuiTypography-root-MuiLink-root"
              href="https://epam.github.io/edp-install/user-guide/add-application"
              target="_blank"
            >
              <span
                class="MuiTypography-root MuiTypography-body2 css-ab4e19-MuiTypography-root"
              >
                Learn more.
              </span>
            </a>
          </div>
        </div>
      </h2>
      <div
        class="MuiDialogContent-root css-ypiqx9-MuiDialogContent-root"
      >
        <div
          class="MuiGrid-root MuiGrid-container MuiGrid-spacing-xs-1 css-a5rdam-MuiGrid-root"
        >
          <div
            class="MuiGrid-root MuiGrid-item MuiGrid-grid-xs-12 css-1idn90j-MuiGrid-root"
          >
            <div
              class="MuiStack-root css-jfdv4h-MuiStack-root"
            >
              <div
                class="MuiFormControl-root MuiFormControl-fullWidth css-q8hpuo-MuiFormControl-root"
              >
                <div
                  class="MuiFormControl-root MuiTextField-root css-1u3bzj6-MuiFormControl-root-MuiTextField-root"
                >
                  <label
                    class="MuiFormLabel-root MuiInputLabel-root MuiInputLabel-formControl MuiInputLabel-animated MuiInputLabel-sizeMedium MuiInputLabel-outlined MuiFormLabel-colorPrimary MuiInputLabel-root MuiInputLabel-formControl MuiInputLabel-animated MuiInputLabel-sizeMedium MuiInputLabel-outlined css-8dtgre-MuiFormLabel-root-MuiInputLabel-root"
                    data-shrink="false"
                    for="mui-3"
                    id="mui-3-label"
                  >
                    Specify the pattern to validate a commit message
                  </label>
                  <div
                    class="MuiInputBase-root MuiOutlinedInput-root MuiInputBase-colorPrimary MuiInputBase-formControl MuiInputBase-adornedEnd css-1wqgp0s-MuiInputBase-root-MuiOutlinedInput-root"
                  >
                    <input
                      aria-invalid="false"
                      class="MuiInputBase-input MuiOutlinedInput-input MuiInputBase-inputAdornedEnd css-nxo287-MuiInputBase-input-MuiOutlinedInput-input"
                      id="mui-3"
                      name="commitMessagePattern"
                      placeholder="^\\[PROJECT_NAME-\\d{4}\\]:.*"
                      type="text"
                      value=""
                    />
                    <span />
                    <fieldset
                      aria-hidden="true"
                      class="MuiOutlinedInput-notchedOutline css-1d3z3hw-MuiOutlinedInput-notchedOutline"
                    >
                      <legend
                        class="css-yjsfm1"
                      >
                        <span>
                          Specify the pattern to validate a commit message
                        </span>
                      </legend>
                    </fieldset>
                  </div>
                </div>
              </div>
            </div>
          </div>
          <div
            class="MuiGrid-root MuiGrid-item MuiGrid-grid-xs-12 css-1idn90j-MuiGrid-root"
          >
            <div
              class="MuiGrid-root MuiGrid-container MuiGrid-spacing-xs-2 css-mhc70k-MuiGrid-root"
            >
              <div
                class="MuiGrid-root MuiGrid-item MuiGrid-grid-xs-12 css-1idn90j-MuiGrid-root"
              >
                <div
                  class="MuiGrid-root MuiGrid-container MuiGrid-spacing-xs-1 css-7ldjcq-MuiGrid-root"
                >
                  <div
                    class="MuiGrid-root MuiGrid-item css-13i4rnv-MuiGrid-root"
                  >
                    <div
                      class="MuiStack-root css-jfdv4h-MuiStack-root"
                    >
                      <div
                        class="MuiFormControl-root MuiFormControl-fullWidth css-q8hpuo-MuiFormControl-root"
                      >
                        <label
                          class="MuiFormControlLabel-root MuiFormControlLabel-labelPlacementEnd css-j204z7-MuiFormControlLabel-root"
                          style="margin: 0px;"
                        >
                          <span
                            class="MuiButtonBase-root MuiCheckbox-root MuiCheckbox-colorPrimary MuiCheckbox-sizeMedium PrivateSwitchBase-root MuiCheckbox-root MuiCheckbox-colorPrimary MuiCheckbox-sizeMedium MuiCheckbox-root MuiCheckbox-colorPrimary MuiCheckbox-sizeMedium css-1pkws1h-MuiButtonBase-root-MuiCheckbox-root"
                          >
                            <input
                              class="PrivateSwitchBase-input css-1m9pwf3"
                              data-indeterminate="false"
                              name="hasJiraServerIntegration"
                              type="checkbox"
                              value="false"
                            />
                            <svg
                              aria-hidden="true"
                              class="MuiSvgIcon-root MuiSvgIcon-fontSizeMedium css-i4bv87-MuiSvgIcon-root"
                              data-testid="CheckBoxOutlineBlankIcon"
                              focusable="false"
                              viewBox="0 0 24 24"
                            >
                              <path
                                d="M19 5v14H5V5h14m0-2H5c-1.1 0-2 .9-2 2v14c0 1.1.9 2 2 2h14c1.1 0 2-.9 2-2V5c0-1.1-.9-2-2-2z"
                              />
                            </svg>
                            <span
                              class="MuiTouchRipple-root css-8je8zh-MuiTouchRipple-root"
                            />
                          </span>
                          <span
                            class="MuiTypography-root MuiTypography-body1 MuiFormControlLabel-label css-1ezega9-MuiTypography-root"
                          >
                            <span
                              style="display: inline-block; margin-top: 0.125rem;"
                            >
                              <span
                                class="makeStyles-labelWrap-3"
                              >
                                <span
                                  class="MuiTypography-root MuiTypography-body1 makeStyles-label-4 css-1ezega9-MuiTypography-root"
                                >
                                  Integrate with Jira server
                                </span>
                                <div
                                  class="MuiBox-root css-0"
                                  style="height: 1.25rem;"
                                />
                              </span>
                            </span>
                          </span>
                        </label>
                      </div>
                    </div>
                     
                  </div>
                  <div
                    class="MuiGrid-root MuiGrid-item css-13i4rnv-MuiGrid-root"
                  >
                    <a
                      class="MuiTypography-root MuiTypography-inherit MuiLink-root MuiLink-underlineAlways css-9d13eh-MuiTypography-root-MuiLink-root"
                      href="https://epam.github.io/edp-install/operator-guide/jira-integration/"
                      target="_blank"
                    >
                      <span
                        class="MuiTypography-root MuiTypography-body2 css-ab4e19-MuiTypography-root"
                      >
                        Learn more.
                      </span>
                    </a>
                  </div>
                </div>
              </div>
            </div>
          </div>
        </div>
      </div>
      <div
        class="MuiDialogActions-root MuiDialogActions-spacing css-knqc4i-MuiDialogActions-root"
      >
        <div
          class="MuiStack-root css-21szx1-MuiStack-root"
        >
          <div
            class="MuiStack-root css-niqf4j-MuiStack-root"
          >
            <div
              class="MuiBox-root css-1jolfkj"
            >
              <button
                class="MuiButtonBase-root MuiButton-root MuiButton-text MuiButton-textInherit MuiButton-sizeSmall MuiButton-textSizeSmall MuiButton-colorInherit MuiButton-root MuiButton-text MuiButton-textInherit MuiButton-sizeSmall MuiButton-textSizeSmall MuiButton-colorInherit css-17jf5nl-MuiButtonBase-root-MuiButton-root"
                tabindex="0"
                type="button"
              >
                cancel
                <span
                  class="MuiTouchRipple-root css-8je8zh-MuiTouchRipple-root"
                />
              </button>
            </div>
            <button
              class="MuiButtonBase-root MuiButton-root MuiButton-text MuiButton-textPrimary MuiButton-sizeSmall MuiButton-textSizeSmall MuiButton-colorPrimary Mui-disabled MuiButton-root MuiButton-text MuiButton-textPrimary MuiButton-sizeSmall MuiButton-textSizeSmall MuiButton-colorPrimary css-1llbb2a-MuiButtonBase-root-MuiButton-root"
              disabled=""
              tabindex="-1"
              type="button"
            >
              undo changes
            </button>
          </div>
          <button
            class="MuiButtonBase-root MuiButton-root MuiButton-contained MuiButton-containedPrimary MuiButton-sizeSmall MuiButton-containedSizeSmall MuiButton-colorPrimary Mui-disabled MuiButton-root MuiButton-contained MuiButton-containedPrimary MuiButton-sizeSmall MuiButton-containedSizeSmall MuiButton-colorPrimary css-vw8gqz-MuiButtonBase-root-MuiButton-root"
            disabled=""
            tabindex="-1"
            type="button"
          >
            apply
          </button>
        </div>
      </div>
    </div>
  </div>
  <div
    data-testid="sentinelEnd"
    tabindex="0"
  />
</div>
`;
