// Jest Snapshot v1, https://goo.gl/fbAQLP

exports[`renders ManageSonarCI Create component 1`] = `
<div
  data-testid="form"
>
  <div
    class="MuiGrid-root MuiGrid-container MuiGrid-spacing-xs-4 css-480o17-MuiGrid-root"
  >
    <div
      class="MuiGrid-root MuiGrid-item MuiGrid-grid-xs-12 css-1idn90j-MuiGrid-root"
    >
      <div
        class="MuiGrid-root MuiGrid-container MuiGrid-spacing-xs-2 css-mhc70k-MuiGrid-root"
      >
        <div
          class="MuiGrid-root MuiGrid-item MuiGrid-grid-xs-12 css-1idn90j-MuiGrid-root"
        >
          <div
            class="MuiPaper-root MuiPaper-elevation MuiPaper-rounded MuiPaper-elevation0 MuiAlert-root MuiAlert-outlinedInfo MuiAlert-outlined css-q9dv2o-MuiPaper-root-MuiAlert-root"
            role="alert"
          >
            <div
              class="MuiAlert-icon css-1ytlwq5-MuiAlert-icon"
            >
              <svg
                aria-hidden="true"
                class="MuiSvgIcon-root MuiSvgIcon-fontSizeInherit css-1vooibu-MuiSvgIcon-root"
                data-testid="InfoOutlinedIcon"
                focusable="false"
                viewBox="0 0 24 24"
              >
                <path
                  d="M11,9H13V7H11M12,20C7.59,20 4,16.41 4,12C4,7.59 7.59,4 12,4C16.41,4 20,7.59 20, 12C20,16.41 16.41,20 12,20M12,2A10,10 0 0,0 2,12A10,10 0 0,0 12,22A10,10 0 0,0 22,12A10, 10 0 0,0 12,2M11,17H13V11H11V17Z"
                />
              </svg>
            </div>
            <div
              class="MuiAlert-message css-1pxa9xg-MuiAlert-message"
            >
              Sonar QuickLink has not been found. Please, create it first in order to manage the integration.
            </div>
          </div>
        </div>
        <div
          class="MuiGrid-root MuiGrid-item MuiGrid-grid-xs-12 css-1idn90j-MuiGrid-root"
        >
          <div
            class="MuiStack-root css-jfdv4h-MuiStack-root"
          >
            <div
              class="MuiFormControl-root MuiFormControl-fullWidth css-q8hpuo-MuiFormControl-root"
            >
              <div
                class="MuiFormControl-root MuiTextField-root css-1u3bzj6-MuiFormControl-root-MuiTextField-root"
              >
                <label
                  class="MuiFormLabel-root MuiInputLabel-root MuiInputLabel-formControl MuiInputLabel-animated MuiInputLabel-sizeMedium MuiInputLabel-outlined MuiFormLabel-colorPrimary Mui-disabled MuiInputLabel-root MuiInputLabel-formControl MuiInputLabel-animated MuiInputLabel-sizeMedium MuiInputLabel-outlined css-8dtgre-MuiFormLabel-root-MuiInputLabel-root"
                  data-shrink="false"
                  for="mui-2"
                  id="mui-2-label"
                >
                  Quick Link URL
                </label>
                <div
                  class="MuiInputBase-root MuiOutlinedInput-root MuiInputBase-colorPrimary Mui-disabled MuiInputBase-formControl MuiInputBase-adornedEnd css-1wqgp0s-MuiInputBase-root-MuiOutlinedInput-root"
                >
                  <input
                    aria-invalid="false"
                    class="MuiInputBase-input MuiOutlinedInput-input Mui-disabled MuiInputBase-inputAdornedEnd css-nxo287-MuiInputBase-input-MuiOutlinedInput-input"
                    disabled=""
                    id="mui-2"
                    name="externalUrl"
                    placeholder="Enter URL"
                    type="text"
                    value=""
                  />
                  <span />
                  <fieldset
                    aria-hidden="true"
                    class="MuiOutlinedInput-notchedOutline css-1d3z3hw-MuiOutlinedInput-notchedOutline"
                  >
                    <legend
                      class="css-yjsfm1"
                    >
                      <span>
                        Quick Link URL
                      </span>
                    </legend>
                  </fieldset>
                </div>
              </div>
            </div>
          </div>
        </div>
        <div
          class="MuiGrid-root MuiGrid-item MuiGrid-grid-xs-12 css-1idn90j-MuiGrid-root"
        >
          <div
            class="MuiStack-root css-jfdv4h-MuiStack-root"
          >
            <div
              class="MuiFormControl-root MuiFormControl-fullWidth css-q8hpuo-MuiFormControl-root"
            >
              <div
                class="MuiFormControl-root MuiTextField-root css-1u3bzj6-MuiFormControl-root-MuiTextField-root"
              >
                <label
                  class="MuiFormLabel-root MuiInputLabel-root MuiInputLabel-formControl MuiInputLabel-animated MuiInputLabel-sizeMedium MuiInputLabel-outlined MuiFormLabel-colorPrimary Mui-disabled MuiInputLabel-root MuiInputLabel-formControl MuiInputLabel-animated MuiInputLabel-sizeMedium MuiInputLabel-outlined css-8dtgre-MuiFormLabel-root-MuiInputLabel-root"
                  data-shrink="false"
                  for="mui-4"
                  id="mui-4-label"
                >
                  URL
                </label>
                <div
                  class="MuiInputBase-root MuiOutlinedInput-root MuiInputBase-colorPrimary Mui-disabled MuiInputBase-formControl MuiInputBase-adornedEnd css-1wqgp0s-MuiInputBase-root-MuiOutlinedInput-root"
                >
                  <input
                    aria-invalid="false"
                    class="MuiInputBase-input MuiOutlinedInput-input Mui-disabled MuiInputBase-inputAdornedEnd css-nxo287-MuiInputBase-input-MuiOutlinedInput-input"
                    disabled=""
                    id="mui-4"
                    name="url"
                    placeholder="Enter URL"
                    type="text"
                    value=""
                  />
                  <div
                    class="MuiStack-root css-niqf4j-MuiStack-root"
                  >
                    <div
                      class="MuiInputAdornment-root MuiInputAdornment-positionEnd MuiInputAdornment-outlined MuiInputAdornment-sizeMedium css-1laqsz7-MuiInputAdornment-root"
                    >
                      <span />
                    </div>
                    <div
                      class="MuiInputAdornment-root MuiInputAdornment-positionEnd MuiInputAdornment-outlined MuiInputAdornment-sizeMedium css-1laqsz7-MuiInputAdornment-root"
                    >
                      <button
                        class="MuiButtonBase-root MuiIconButton-root MuiIconButton-sizeSmall css-1pe4mpk-MuiButtonBase-root-MuiIconButton-root"
                        tabindex="0"
                        type="button"
                      >
                        <span />
                        <span
                          class="MuiTouchRipple-root css-8je8zh-MuiTouchRipple-root"
                        />
                      </button>
                    </div>
                  </div>
                  <fieldset
                    aria-hidden="true"
                    class="MuiOutlinedInput-notchedOutline css-1d3z3hw-MuiOutlinedInput-notchedOutline"
                  >
                    <legend
                      class="css-yjsfm1"
                    >
                      <span>
                        URL
                      </span>
                    </legend>
                  </fieldset>
                </div>
              </div>
            </div>
          </div>
        </div>
        <div
          class="MuiGrid-root MuiGrid-item MuiGrid-grid-xs-12 css-1idn90j-MuiGrid-root"
        >
          <div
            class="MuiStack-root css-jfdv4h-MuiStack-root"
          >
            <div
              class="MuiFormControl-root MuiFormControl-fullWidth css-q8hpuo-MuiFormControl-root"
            >
              <div
                class="MuiFormControl-root MuiTextField-root css-1u3bzj6-MuiFormControl-root-MuiTextField-root"
              >
                <label
                  class="MuiFormLabel-root MuiInputLabel-root MuiInputLabel-formControl MuiInputLabel-animated MuiInputLabel-sizeMedium MuiInputLabel-outlined MuiFormLabel-colorPrimary MuiInputLabel-root MuiInputLabel-formControl MuiInputLabel-animated MuiInputLabel-sizeMedium MuiInputLabel-outlined css-8dtgre-MuiFormLabel-root-MuiInputLabel-root"
                  data-shrink="false"
                  for="mui-6"
                  id="mui-6-label"
                >
                  Token
                </label>
                <div
                  class="MuiInputBase-root MuiOutlinedInput-root MuiInputBase-colorPrimary MuiInputBase-formControl MuiInputBase-adornedEnd css-1wqgp0s-MuiInputBase-root-MuiOutlinedInput-root"
                >
                  <input
                    aria-invalid="false"
                    class="MuiInputBase-input MuiOutlinedInput-input MuiInputBase-inputAdornedEnd css-nxo287-MuiInputBase-input-MuiOutlinedInput-input"
                    id="mui-6"
                    name="token"
                    placeholder="Enter token"
                    type="password"
                    value=""
                  />
                  <div
                    class="MuiStack-root css-niqf4j-MuiStack-root"
                  >
                    <div
                      class="MuiInputAdornment-root MuiInputAdornment-positionEnd MuiInputAdornment-outlined MuiInputAdornment-sizeMedium css-1laqsz7-MuiInputAdornment-root"
                    >
                      <span />
                    </div>
                    <div
                      class="MuiInputAdornment-root MuiInputAdornment-positionEnd MuiInputAdornment-outlined MuiInputAdornment-sizeMedium css-1laqsz7-MuiInputAdornment-root"
                    >
                      <button
                        class="MuiButtonBase-root MuiIconButton-root MuiIconButton-sizeSmall css-1pe4mpk-MuiButtonBase-root-MuiIconButton-root"
                        tabindex="0"
                        type="button"
                      >
                        <span />
                        <span
                          class="MuiTouchRipple-root css-8je8zh-MuiTouchRipple-root"
                        />
                      </button>
                    </div>
                  </div>
                  <fieldset
                    aria-hidden="true"
                    class="MuiOutlinedInput-notchedOutline css-1d3z3hw-MuiOutlinedInput-notchedOutline"
                  >
                    <legend
                      class="css-yjsfm1"
                    >
                      <span>
                        Token
                      </span>
                    </legend>
                  </fieldset>
                </div>
              </div>
            </div>
          </div>
        </div>
      </div>
    </div>
    <div
      class="MuiGrid-root MuiGrid-item MuiGrid-grid-xs-12 css-1idn90j-MuiGrid-root"
    >
      <div
        class="MuiGrid-root MuiGrid-container MuiGrid-spacing-xs-2 css-1xu1mzw-MuiGrid-root"
      >
        <div
          class="MuiGrid-root MuiGrid-item css-13i4rnv-MuiGrid-root"
        >
          <button
            class="MuiButtonBase-root MuiButton-root MuiButton-text MuiButton-textPrimary MuiButton-sizeSmall MuiButton-textSizeSmall MuiButton-root MuiButton-text MuiButton-textPrimary MuiButton-sizeSmall MuiButton-textSizeSmall css-1llbb2a-MuiButtonBase-root-MuiButton-root"
            tabindex="0"
            type="button"
          >
            cancel
            <span
              class="MuiTouchRipple-root css-8je8zh-MuiTouchRipple-root"
            />
          </button>
        </div>
        <div
          class="MuiGrid-root MuiGrid-item css-13i4rnv-MuiGrid-root"
        >
          <div
            class="MuiGrid-root MuiGrid-container MuiGrid-spacing-xs-2 css-ofrcno-MuiGrid-root"
          >
            <div
              class="MuiGrid-root MuiGrid-item css-13i4rnv-MuiGrid-root"
            >
              <button
                class="MuiButtonBase-root MuiButton-root MuiButton-text MuiButton-textPrimary MuiButton-sizeSmall MuiButton-textSizeSmall Mui-disabled MuiButton-root MuiButton-text MuiButton-textPrimary MuiButton-sizeSmall MuiButton-textSizeSmall css-1llbb2a-MuiButtonBase-root-MuiButton-root"
                disabled=""
                tabindex="-1"
                type="button"
              >
                undo changes
              </button>
            </div>
            <div
              class="MuiGrid-root MuiGrid-item css-13i4rnv-MuiGrid-root"
            >
              <button
                class="MuiButtonBase-root MuiButton-root MuiButton-contained MuiButton-containedPrimary MuiButton-sizeSmall MuiButton-containedSizeSmall Mui-disabled MuiButton-root MuiButton-contained MuiButton-containedPrimary MuiButton-sizeSmall MuiButton-containedSizeSmall css-vw8gqz-MuiButtonBase-root-MuiButton-root"
                disabled=""
                tabindex="-1"
                type="button"
              >
                save
              </button>
            </div>
          </div>
        </div>
      </div>
    </div>
  </div>
</div>
`;
