// Jest Snapshot v1, https://goo.gl/fbAQLP

exports[`renders ManageClusterSecret Edit component 1`] = `
<div
  class="MuiGrid-root MuiGrid-container MuiGrid-spacing-xs-2 css-mhc70k-MuiGrid-root"
  data-testid="form"
>
  <div
    class="MuiGrid-root MuiGrid-item MuiGrid-grid-xs-12 css-1idn90j-MuiGrid-root"
  >
    <div
      class="MuiGrid-root MuiGrid-container MuiGrid-spacing-xs-4 css-480o17-MuiGrid-root"
    >
      <div
        class="MuiGrid-root MuiGrid-item MuiGrid-grid-xs-12 css-1idn90j-MuiGrid-root"
      >
        <div
          class="MuiGrid-root MuiGrid-container MuiGrid-spacing-xs-2 css-mhc70k-MuiGrid-root"
        >
          <div
            class="MuiGrid-root MuiGrid-item MuiGrid-grid-xs-6 css-1osj8n2-MuiGrid-root"
          >
            <div
              class="MuiStack-root css-jfdv4h-MuiStack-root"
            >
              <div
                class="MuiFormControl-root MuiFormControl-fullWidth css-q8hpuo-MuiFormControl-root"
              >
                <div
                  class="MuiFormControl-root MuiTextField-root css-1u3bzj6-MuiFormControl-root-MuiTextField-root"
                >
                  <label
                    class="MuiFormLabel-root MuiInputLabel-root MuiInputLabel-formControl MuiInputLabel-animated MuiInputLabel-shrink MuiInputLabel-sizeMedium MuiInputLabel-outlined MuiFormLabel-colorPrimary Mui-disabled MuiFormLabel-filled MuiInputLabel-root MuiInputLabel-formControl MuiInputLabel-animated MuiInputLabel-shrink MuiInputLabel-sizeMedium MuiInputLabel-outlined css-98a9yt-MuiFormLabel-root-MuiInputLabel-root"
                    data-shrink="true"
                    for="mui-2"
                    id="mui-2-label"
                  >
                    Cluster Name
                  </label>
                  <div
                    class="MuiInputBase-root MuiOutlinedInput-root MuiInputBase-colorPrimary Mui-disabled MuiInputBase-formControl MuiInputBase-adornedEnd css-1wqgp0s-MuiInputBase-root-MuiOutlinedInput-root"
                  >
                    <input
                      aria-invalid="false"
                      class="MuiInputBase-input MuiOutlinedInput-input Mui-disabled MuiInputBase-inputAdornedEnd css-nxo287-MuiInputBase-input-MuiOutlinedInput-input"
                      disabled=""
                      id="mui-2"
                      name="clusterName"
                      placeholder="Enter cluster name"
                      type="text"
                      value="test-cluster-name"
                    />
                    <span />
                    <fieldset
                      aria-hidden="true"
                      class="MuiOutlinedInput-notchedOutline css-1d3z3hw-MuiOutlinedInput-notchedOutline"
                    >
                      <legend
                        class="css-14lo706"
                      >
                        <span>
                          Cluster Name
                        </span>
                      </legend>
                    </fieldset>
                  </div>
                </div>
              </div>
            </div>
          </div>
          <div
            class="MuiGrid-root MuiGrid-item MuiGrid-grid-xs-6 css-1osj8n2-MuiGrid-root"
          >
            <div
              class="MuiStack-root css-jfdv4h-MuiStack-root"
            >
              <div
                class="MuiFormControl-root MuiFormControl-fullWidth css-q8hpuo-MuiFormControl-root"
              >
                <div
                  class="MuiFormControl-root MuiTextField-root css-1u3bzj6-MuiFormControl-root-MuiTextField-root"
                >
                  <label
                    class="MuiFormLabel-root MuiInputLabel-root MuiInputLabel-formControl MuiInputLabel-animated MuiInputLabel-shrink MuiInputLabel-sizeMedium MuiInputLabel-outlined MuiFormLabel-colorPrimary MuiFormLabel-filled MuiInputLabel-root MuiInputLabel-formControl MuiInputLabel-animated MuiInputLabel-shrink MuiInputLabel-sizeMedium MuiInputLabel-outlined css-98a9yt-MuiFormLabel-root-MuiInputLabel-root"
                    data-shrink="true"
                    for="mui-4"
                    id="mui-4-label"
                  >
                    Cluster Host
                  </label>
                  <div
                    class="MuiInputBase-root MuiOutlinedInput-root MuiInputBase-colorPrimary MuiInputBase-formControl MuiInputBase-adornedEnd css-1wqgp0s-MuiInputBase-root-MuiOutlinedInput-root"
                  >
                    <input
                      aria-invalid="false"
                      class="MuiInputBase-input MuiOutlinedInput-input MuiInputBase-inputAdornedEnd css-nxo287-MuiInputBase-input-MuiOutlinedInput-input"
                      id="mui-4"
                      name="clusterHost"
                      placeholder="Enter cluster host"
                      type="text"
                      value="test-cluster-host"
                    />
                    <span />
                    <fieldset
                      aria-hidden="true"
                      class="MuiOutlinedInput-notchedOutline css-1d3z3hw-MuiOutlinedInput-notchedOutline"
                    >
                      <legend
                        class="css-14lo706"
                      >
                        <span>
                          Cluster Host
                        </span>
                      </legend>
                    </fieldset>
                  </div>
                </div>
              </div>
            </div>
          </div>
          <div
            class="MuiGrid-root MuiGrid-item MuiGrid-grid-xs-12 css-1idn90j-MuiGrid-root"
          >
            <div
              class="MuiStack-root css-jfdv4h-MuiStack-root"
            >
              <div
                class="MuiFormControl-root MuiFormControl-fullWidth css-q8hpuo-MuiFormControl-root"
              >
                <div
                  class="MuiFormControl-root MuiTextField-root css-1u3bzj6-MuiFormControl-root-MuiTextField-root"
                >
                  <label
                    class="MuiFormLabel-root MuiInputLabel-root MuiInputLabel-formControl MuiInputLabel-animated MuiInputLabel-shrink MuiInputLabel-sizeMedium MuiInputLabel-outlined MuiFormLabel-colorPrimary MuiFormLabel-filled MuiInputLabel-root MuiInputLabel-formControl MuiInputLabel-animated MuiInputLabel-shrink MuiInputLabel-sizeMedium MuiInputLabel-outlined css-98a9yt-MuiFormLabel-root-MuiInputLabel-root"
                    data-shrink="true"
                    for="mui-6"
                    id="mui-6-label"
                  >
                    Cluster Token
                  </label>
                  <div
                    class="MuiInputBase-root MuiOutlinedInput-root MuiInputBase-colorPrimary MuiInputBase-formControl MuiInputBase-adornedEnd css-1wqgp0s-MuiInputBase-root-MuiOutlinedInput-root"
                  >
                    <input
                      aria-invalid="false"
                      class="MuiInputBase-input MuiOutlinedInput-input MuiInputBase-inputAdornedEnd css-nxo287-MuiInputBase-input-MuiOutlinedInput-input"
                      id="mui-6"
                      name="clusterToken"
                      placeholder="Enter cluster token"
                      type="password"
                      value="test-cluster-token"
                    />
                    <div
                      class="MuiStack-root css-niqf4j-MuiStack-root"
                    >
                      <div
                        class="MuiInputAdornment-root MuiInputAdornment-positionEnd MuiInputAdornment-outlined MuiInputAdornment-sizeMedium css-1laqsz7-MuiInputAdornment-root"
                      >
                        <span />
                      </div>
                      <div
                        class="MuiInputAdornment-root MuiInputAdornment-positionEnd MuiInputAdornment-outlined MuiInputAdornment-sizeMedium css-1laqsz7-MuiInputAdornment-root"
                      >
                        <button
                          class="MuiButtonBase-root MuiIconButton-root MuiIconButton-sizeSmall css-1pe4mpk-MuiButtonBase-root-MuiIconButton-root"
                          tabindex="0"
                          type="button"
                        >
                          <span />
                          <span
                            class="MuiTouchRipple-root css-8je8zh-MuiTouchRipple-root"
                          />
                        </button>
                      </div>
                    </div>
                    <fieldset
                      aria-hidden="true"
                      class="MuiOutlinedInput-notchedOutline css-1d3z3hw-MuiOutlinedInput-notchedOutline"
                    >
                      <legend
                        class="css-14lo706"
                      >
                        <span>
                          Cluster Token
                        </span>
                      </legend>
                    </fieldset>
                  </div>
                </div>
              </div>
            </div>
          </div>
          <div
            class="MuiGrid-root MuiGrid-item MuiGrid-grid-xs-12 css-qh9fv7-MuiGrid-root"
          >
            <div
              class="MuiGrid-root MuiGrid-container MuiGrid-spacing-xs-2 css-jhdc2n-MuiGrid-root"
            >
              <div
                class="MuiGrid-root MuiGrid-item MuiGrid-grid-xs-6 css-1osj8n2-MuiGrid-root"
              >
                <div
                  class="MuiStack-root css-jfdv4h-MuiStack-root"
                >
                  <div
                    class="MuiFormControl-root MuiFormControl-fullWidth css-q8hpuo-MuiFormControl-root"
                  >
                    <label
                      class="MuiFormControlLabel-root MuiFormControlLabel-labelPlacementEnd css-j204z7-MuiFormControlLabel-root"
                      style="margin: 0px;"
                    >
                      <span
                        class="MuiButtonBase-root MuiCheckbox-root MuiCheckbox-colorPrimary MuiCheckbox-sizeMedium PrivateSwitchBase-root MuiCheckbox-root MuiCheckbox-colorPrimary MuiCheckbox-sizeMedium MuiCheckbox-root MuiCheckbox-colorPrimary MuiCheckbox-sizeMedium css-1pkws1h-MuiButtonBase-root-MuiCheckbox-root"
                      >
                        <input
                          class="PrivateSwitchBase-input css-1m9pwf3"
                          data-indeterminate="false"
                          name="skipTLSVerify"
                          type="checkbox"
                          value="false"
                        />
                        <svg
                          aria-hidden="true"
                          class="MuiSvgIcon-root MuiSvgIcon-fontSizeMedium css-i4bv87-MuiSvgIcon-root"
                          data-testid="CheckBoxOutlineBlankIcon"
                          focusable="false"
                          viewBox="0 0 24 24"
                        >
                          <path
                            d="M19 5v14H5V5h14m0-2H5c-1.1 0-2 .9-2 2v14c0 1.1.9 2 2 2h14c1.1 0 2-.9 2-2V5c0-1.1-.9-2-2-2z"
                          />
                        </svg>
                        <span
                          class="MuiTouchRipple-root css-8je8zh-MuiTouchRipple-root"
                        />
                      </span>
                      <span
                        class="MuiTypography-root MuiTypography-body1 MuiFormControlLabel-label css-1ezega9-MuiTypography-root"
                      >
                        <span
                          style="display: inline-block; margin-top: 0.125rem;"
                        >
                          <span
                            class="makeStyles-labelWrap-3"
                          >
                            <span
                              class="MuiTypography-root MuiTypography-body1 makeStyles-label-4 css-1ezega9-MuiTypography-root"
                            >
                              Skip TLS verification
                            </span>
                            <div
                              class="MuiBox-root css-0"
                              style="height: 1.25rem;"
                            />
                          </span>
                        </span>
                      </span>
                    </label>
                  </div>
                </div>
              </div>
              <div
                class="MuiGrid-root MuiGrid-item MuiGrid-grid-xs-6 css-1osj8n2-MuiGrid-root"
              >
                <div
                  class="MuiStack-root css-jfdv4h-MuiStack-root"
                >
                  <div
                    class="MuiFormControl-root MuiFormControl-fullWidth css-q8hpuo-MuiFormControl-root"
                  >
                    <div
                      class="MuiFormControl-root MuiTextField-root css-1u3bzj6-MuiFormControl-root-MuiTextField-root"
                    >
                      <label
                        class="MuiFormLabel-root MuiInputLabel-root MuiInputLabel-formControl MuiInputLabel-animated MuiInputLabel-sizeMedium MuiInputLabel-outlined MuiFormLabel-colorPrimary MuiInputLabel-root MuiInputLabel-formControl MuiInputLabel-animated MuiInputLabel-sizeMedium MuiInputLabel-outlined css-8dtgre-MuiFormLabel-root-MuiInputLabel-root"
                        data-shrink="false"
                        for="mui-8"
                        id="mui-8-label"
                      >
                        Cluster Certificate
                      </label>
                      <div
                        class="MuiInputBase-root MuiOutlinedInput-root MuiInputBase-colorPrimary MuiInputBase-formControl MuiInputBase-adornedEnd css-1wqgp0s-MuiInputBase-root-MuiOutlinedInput-root"
                      >
                        <input
                          aria-invalid="false"
                          class="MuiInputBase-input MuiOutlinedInput-input MuiInputBase-inputAdornedEnd css-nxo287-MuiInputBase-input-MuiOutlinedInput-input"
                          id="mui-8"
                          name="clusterCertificate"
                          placeholder="Enter cluster certificate"
                          type="text"
                          value=""
                        />
                        <span />
                        <fieldset
                          aria-hidden="true"
                          class="MuiOutlinedInput-notchedOutline css-1d3z3hw-MuiOutlinedInput-notchedOutline"
                        >
                          <legend
                            class="css-yjsfm1"
                          >
                            <span>
                              Cluster Certificate
                            </span>
                          </legend>
                        </fieldset>
                      </div>
                    </div>
                  </div>
                </div>
              </div>
            </div>
          </div>
        </div>
      </div>
      <div
        class="MuiGrid-root MuiGrid-item MuiGrid-grid-xs-12 css-1idn90j-MuiGrid-root"
      >
        <div
          class="MuiGrid-root MuiGrid-container MuiGrid-spacing-xs-2 css-1xu1mzw-MuiGrid-root"
        >
          <div
            class="MuiGrid-root MuiGrid-item css-13i4rnv-MuiGrid-root"
          >
            <button
              class="MuiButtonBase-root MuiIconButton-root MuiIconButton-sizeLarge css-mf1cb5-MuiButtonBase-root-MuiIconButton-root"
              tabindex="0"
              type="button"
            >
              <span />
              <span
                class="MuiTouchRipple-root css-8je8zh-MuiTouchRipple-root"
              />
            </button>
          </div>
          <div
            class="MuiGrid-root MuiGrid-item css-13i4rnv-MuiGrid-root"
          >
            <div
              class="MuiGrid-root MuiGrid-container MuiGrid-spacing-xs-2 css-ofrcno-MuiGrid-root"
            >
              <div
                class="MuiGrid-root MuiGrid-item css-13i4rnv-MuiGrid-root"
              >
                <button
                  class="MuiButtonBase-root MuiButton-root MuiButton-text MuiButton-textPrimary MuiButton-sizeSmall MuiButton-textSizeSmall MuiButton-colorPrimary Mui-disabled MuiButton-root MuiButton-text MuiButton-textPrimary MuiButton-sizeSmall MuiButton-textSizeSmall MuiButton-colorPrimary css-1llbb2a-MuiButtonBase-root-MuiButton-root"
                  disabled=""
                  tabindex="-1"
                  type="button"
                >
                  undo changes
                </button>
              </div>
              <div
                class="MuiGrid-root MuiGrid-item css-13i4rnv-MuiGrid-root"
              >
                <button
                  class="MuiButtonBase-root MuiButton-root MuiButton-contained MuiButton-containedPrimary MuiButton-sizeSmall MuiButton-containedSizeSmall MuiButton-colorPrimary Mui-disabled MuiButton-root MuiButton-contained MuiButton-containedPrimary MuiButton-sizeSmall MuiButton-containedSizeSmall MuiButton-colorPrimary css-vw8gqz-MuiButtonBase-root-MuiButton-root"
                  disabled=""
                  tabindex="-1"
                  type="button"
                >
                  save
                </button>
              </div>
            </div>
          </div>
        </div>
      </div>
    </div>
  </div>
</div>
`;
